


ARM Macro Assembler    Page 1 


    1 00000000         ; Print.s
    2 00000000         ; Student names: Michael Griffin and Rohan Kondetimmanah
                       alli
    3 00000000         ; Last modification date: change this to the last modifi
                       cation date or look very silly
    4 00000000         ; Runs on LM4F120 or TM4C123
    5 00000000         ; EE319K lab 7 device driver for any LCD
    6 00000000         ;
    7 00000000         ; As part of Lab 7, students need to implement these LCD
                       _OutDec and LCD_OutFix
    8 00000000         ; This driver assumes two low-level LCD functions
    9 00000000         ; ST7735_OutChar   outputs a single 8-bit ASCII characte
                       r
   10 00000000         ; ST7735_OutString outputs a null-terminated string 
   11 00000000         
   12 00000000                 IMPORT           ST7735_OutChar
   13 00000000                 IMPORT           ST7735_OutString
   14 00000000                 EXPORT           LCD_OutDec
   15 00000000                 EXPORT           LCD_OutFix
   16 00000000         
   17 00000000         
   18 00000000                 AREA             |.text|, CODE, READONLY, ALIGN=
2
   19 00000000                 THUMB
   20 00000000         
   21 00000000         
   22 00000000         
   23 00000000         ;-----------------------LCD_OutDec----------------------
                       -
   24 00000000         ; Output a 32-bit number in unsigned decimal format
   25 00000000         ; Input: R0 (call by value) 32-bit unsigned number
   26 00000000         ; Output: none
   27 00000000         ; Invariables: This function must not permanently modify
                        registers R4 to R11
   28 00000000 00000000 
                       NUM     EQU              0
   29 00000000         
   30 00000000         LCD_OutDec
   31 00000000         
   32 00000000 B501            PUSH             {R0, LR}    ;allocate num
   33 00000002 F04F 020A       MOV              R2, #10
   34 00000006 4290            CMP              R0, R2
   35 00000008 D30D            BLO              BASE        ;is num < 10?
   36 0000000A 9900            LDR              R1, [SP, #NUM]
   37 0000000C F04F 020A       MOV              R2, #10
   38 00000010 FBB1 F0F2       UDIV             R0, R1, R2
   39 00000014 F7FF FFFE       BL               LCD_OutDec  ; LCD_OutDec(num/10
                                                            )
   40 00000018 9900            LDR              R1, [SP, #NUM]
   41 0000001A F04F 020A       MOV              R2, #10
   42 0000001E FBB1 F0F2       UDIV             R0, R1, R2
   43 00000022 FB02 1010       MLS              R0, R2, R0, R1 ;num%10
   44 00000026 F100 0030 
                       BASE    ADD              R0, #0x30   ;convert to ascii
   45 0000002A F7FF FFFE       BL               ST7735_OutChar ;output single n
                                                            umber less than 10
   46 0000002E BD01    DONE    POP              {R0, PC}    ;deallocate and lea
                                                            ve 
   47 00000030         



ARM Macro Assembler    Page 2 


   48 00000030         ;* * * * * * * * End of LCD_OutDec * * * * * * * *
   49 00000030         
   50 00000030         ; -----------------------LCD _OutFix--------------------
                       --
   51 00000030         ; Output characters to LCD display in fixed-point format
                       
   52 00000030         ; unsigned decimal, resolution 0.001, range 0.000 to 9.9
                       99
   53 00000030         ; Inputs:  R0 is an unsigned 32-bit number
   54 00000030         ; Outputs: none
   55 00000030         ; E.g., R0=0,    then output "0.000 "
   56 00000030         ;       R0=3,    then output "0.003 "
   57 00000030         ;       R0=89,   then output "0.089 "
   58 00000030         ;       R0=123,  then output "0.123 "
   59 00000030         ;       R0=9999, then output "9.999 "
   60 00000030         ;       R0>9999, then output "*.*** "
   61 00000030         ; Invariables: This function must not permanently modify
                        registers R4 to R11
   62 00000030 00000000 
                       FIX     EQU              0
   63 00000030         
   64 00000030         LCD_OutFix
   65 00000030 B501            PUSH             {R0, LR}    ;allocate
   66 00000032 F242 710F       LDR              R1, =9999
   67 00000036 4288            CMP              R0, R1
   68 00000038 D829            BHI              INVALID     ;is fix > 9999?
   69 0000003A F44F 727A       MOV              R2, #1000
   70 0000003E FBB0 F0F2       UDIV             R0, R2
   71 00000042 F7FF FFFE       BL               LCD_OutDec  ;output first numbe
                                                            r
   72 00000046 F04F 002E       MOV              R0, #0x2E
   73 0000004A F7FF FFFE       BL               ST7735_OutChar ;output decimal
   74 0000004E F44F 727A       MOV              R2, #1000
   75 00000052 F04F 0364       MOV              R3, #100
   76 00000056 F000 F80D       BL               OUTNUM      ;output tens place
   77 0000005A F04F 0264       MOV              R2, #100
   78 0000005E F04F 030A       MOV              R3, #10
   79 00000062 F000 F807       BL               OUTNUM      ;output hundreds pl
                                                            ace
   80 00000066 F04F 020A       MOV              R2, #10
   81 0000006A F04F 0301       MOV              R3, #1
   82 0000006E F000 F801       BL               OUTNUM      ;output thousands p
                                                            lace
   83 00000072 BD01            POP              {R0, PC}    ;deallocate and ret
                                                            urn to main
   84 00000074         
   85 00000074 9900    OUTNUM  LDR              R1, [SP, #FIX]
   86 00000076 FBB1 F0F2       UDIV             R0, R1, R2
   87 0000007A FB02 1010       MLS              R0, R2, R0, R1 ;fix%R2
   88 0000007E FBB0 F0F3       UDIV             R0, R3      ;(fix%R2)/R3
   89 00000082 F100 0030       ADD              R0, #0x30   ;convert to ascii
   90 00000086 B501            PUSH             {R0, LR}    ;save position
   91 00000088 F7FF FFFE       BL               ST7735_OutChar 
                                                            ;output character
   92 0000008C BD01            POP              {R0, PC}    ;return to LCD_OutF
                                                            ix
   93 0000008E         
   94 0000008E F04F 002A 
                       INVALID MOV              R0, #0x2A



ARM Macro Assembler    Page 3 


   95 00000092 F7FF FFFE       BL               ST7735_OutChar
   96 00000096 F04F 002E       MOV              R0, #0x2E
   97 0000009A F7FF FFFE       BL               ST7735_OutChar
   98 0000009E F04F 002A       MOV              R0, #0x2A
   99 000000A2 F7FF FFFE       BL               ST7735_OutChar
  100 000000A6 F04F 002A       MOV              R0, #0x2A
  101 000000AA F7FF FFFE       BL               ST7735_OutChar
  102 000000AE F04F 002A       MOV              R0, #0x2A
  103 000000B2 F7FF FFFE       BL               ST7735_OutChar ;output *.***
  104 000000B6 BD01            POP              {R0, PC}    ;return to main
  105 000000B8         
  106 000000B8                 ALIGN
  107 000000B8         ;* * * * * * * * End of LCD_OutFix * * * * * * * *
  108 000000B8         
  109 000000B8                 ALIGN                        ; make sure the end
                                                             of this section is
                                                             aligned
  110 000000B8                 END                          ; end of file
Command Line: --debug --xref --cpu=Cortex-M4 --apcs=interwork --depend=.\print.
d -o.\print.o -IC:\Keil\ARM\RV31\INC -IC:\Keil\ARM\CMSIS\Include -IC:\Keil\ARM\
Inc\Luminary --predefine="__EVAL SETA 1" --predefine="__MICROLIB SETA 1" --list
=.\print.lst Print.s



ARM Macro Assembler    Page 1 Alphabetic symbol ordering
Relocatable symbols

.text 00000000

Symbol: .text
   Definitions
      At line 18 in file Print.s
   Uses
      None
Comment: .text unused
BASE 00000026

Symbol: BASE
   Definitions
      At line 44 in file Print.s
   Uses
      At line 35 in file Print.s
Comment: BASE used once
DONE 0000002E

Symbol: DONE
   Definitions
      At line 46 in file Print.s
   Uses
      None
Comment: DONE unused
INVALID 0000008E

Symbol: INVALID
   Definitions
      At line 94 in file Print.s
   Uses
      At line 68 in file Print.s
Comment: INVALID used once
LCD_OutDec 00000000

Symbol: LCD_OutDec
   Definitions
      At line 30 in file Print.s
   Uses
      At line 14 in file Print.s
      At line 39 in file Print.s
      At line 71 in file Print.s

LCD_OutFix 00000030

Symbol: LCD_OutFix
   Definitions
      At line 64 in file Print.s
   Uses
      At line 15 in file Print.s
Comment: LCD_OutFix used once
OUTNUM 00000074

Symbol: OUTNUM
   Definitions
      At line 85 in file Print.s
   Uses
      At line 76 in file Print.s
      At line 79 in file Print.s
      At line 82 in file Print.s



ARM Macro Assembler    Page 2 Alphabetic symbol ordering
Relocatable symbols


7 symbols



ARM Macro Assembler    Page 1 Alphabetic symbol ordering
Absolute symbols

FIX 00000000

Symbol: FIX
   Definitions
      At line 62 in file Print.s
   Uses
      At line 85 in file Print.s
Comment: FIX used once
NUM 00000000

Symbol: NUM
   Definitions
      At line 28 in file Print.s
   Uses
      At line 36 in file Print.s
      At line 40 in file Print.s

2 symbols



ARM Macro Assembler    Page 1 Alphabetic symbol ordering
External symbols

ST7735_OutChar 00000000

Symbol: ST7735_OutChar
   Definitions
      At line 12 in file Print.s
   Uses
      At line 45 in file Print.s
      At line 73 in file Print.s
      At line 91 in file Print.s
      At line 95 in file Print.s
      At line 97 in file Print.s
      At line 99 in file Print.s
      At line 101 in file Print.s
      At line 103 in file Print.s

ST7735_OutString 00000000

Symbol: ST7735_OutString
   Definitions
      At line 13 in file Print.s
   Uses
      None
Comment: ST7735_OutString unused
2 symbols
343 symbols in table
